﻿
> iron_women@0.0.0 build
> vite build

[36mvite v8.0.0 [32mbuilding client environment for production...[36m[39m
[2K
transforming...Γ£ô 1747 modules transformed.
rendering chunks...
computing gzip size...
dist/index.html                   0.76 kB Γöé gzip:  0.43 kB
dist/assets/index-D0dNNZN4.css   19.41 kB Γöé gzip:  4.79 kB
dist/assets/index-NhgYPWx3.js   228.39 kB Γöé gzip: 69.45 kB

node.exe : [31mΓ£ù[39m 
Build failed in 479ms
At line:1 char:1
+ & "C:\Program 
Files\nodejs/node.exe" 
"C:\Program 
Files\nodejs/node_mo ...
+ ~~~~~~~~~~~~~~~~~~~~~~~~~~~~
~~~~~~~~~~~~~~~~~~~~~~~~~~~~~~
~~~~~~~~~~~
    + CategoryInfo          : 
    NotSpecified: ([31mΓ£ù  
  [39m Build failed in 479m   
 s:String) [], RemoteExcep    
tion
    + FullyQualifiedErrorId : 
    NativeCommandError
 
[31merror during build:
[31mBuild failed with 1 
error:

Error: [vite]: Rolldown 
failed to resolve import 
"react-router-dom" from 
"G:/iron_women/src/App.jsx".
This is most likely 
unintended because it can 
break your application at 
runtime.
If you do want to externalize 
this module explicitly add it 
to
`build.rollupOptions.external`
    at viteLog (file:///G:/iro
n_women/node_modules/vite/dist
/node/chunks/node.js:32887:57)
    at file:///G:/iron_women/n
ode_modules/vite/dist/node/chu
nks/node.js:32923:71
    at onwarn (file:///G:/iron
_women/node_modules/@vitejs/pl
ugin-react/dist/index.js:40:7)
    at file:///G:/iron_women/n
ode_modules/vite/dist/node/chu
nks/node.js:32923:28
    at onRollupLog (file:///G:
/iron_women/node_modules/vite/
dist/node/chunks/node.js:32918
:63)
    at onLog (file:///G:/iron_
women/node_modules/vite/dist/n
ode/chunks/node.js:32688:4)
    at file:///G:/iron_women/n
ode_modules/rolldown/dist/shar
ed/rolldown-build-4YnQkA76.mjs
:49:26
    at logger (file:///G:/iron
_women/node_modules/rolldown/d
ist/shared/rolldown-build-4YnQ
kA76.mjs:40:3)
    at onLog (file:///G:/iron_
women/node_modules/rolldown/di
st/shared/bindingify-input-opt
ions-Cu7pt6SZ.mjs:1945:32)[31
m
    at aggregateBindingErrorsI
ntoJsError (file:///G:/iron_wo
men/node_modules/rolldown/dist
/shared/error-CP8smW_P.mjs:48:
18)
    at unwrapBindingResult (fi
le:///G:/iron_women/node_modul
es/rolldown/dist/shared/error-
CP8smW_P.mjs:18:128)
    at #build (file:///G:/iron
_women/node_modules/rolldown/d
ist/shared/rolldown-build-4YnQ
kA76.mjs:3311:34)
    at async buildEnvironment 
(file:///G:/iron_women/node_mo
dules/vite/dist/node/chunks/no
de.js:32794:64)
    at async Object.build (fil
e:///G:/iron_women/node_module
s/vite/dist/node/chunks/node.j
s:33216:19)
    at async Object.buildApp (
file:///G:/iron_women/node_mod
ules/vite/dist/node/chunks/nod
e.js:33213:153)
    at async CAC.<anonymous> (
file:///G:/iron_women/node_mod
ules/vite/dist/node/cli.js:778
:3) {
  errors: [Getter/Setter]
}[39m
